---
source: crates/ao-tui/tests/test_help_dialog.rs
expression: output
---
" AspireOrchestrator (Rust)                                                                                              "
"┌ Slots ─────────────────────────────────┐┌ Details ───────────────────────────────────────────────────────────────────┐"
"│>  auth  ■ ○  feature/auth              ││  Branch     feature/auth                                                   │"
"│                                        ││  Status     Ready                                                          │"
"│                   ┌ Help — Keybindings ────────────────────────────────────────────────────────┐                     │"
"│                   │  Slot List                                                                 │                     │"
"│                   │    N           Create new slot                                             │                     │"
"│                   │    S           Start Aspire stack                                          │                     │"
"│                   │    K           Kill (stop) Aspire stack                                    │─────────────────────┘"
"│                   │    D           Destroy slot                                                │─────────────────────┐"
"│                   │    A           Spawn agent                                                 │                     │"
"│                   │    R           Rebase branch                                               │                     │"
"│                   │    G           Git push                                                    │                     │"
"│                   │    P           Pop-in to tmux session                                      │                     │"
"│                   │    L           Toggle log source                                           │                     │"
"│                   │    M           Open multiplexed log                                        │                     │"
"│                   │    B           Open blueprints                                             │                     │"
"│                   │    Tab         Toggle dashboard view                                       │                     │"
"│                   │    ?           Show this help                                              │                     │"
"│                   │    Q           Quit orchestrator                                           │                     │"
"│                   │                                                                            │                     │"
"│                   │  Batch Operations                                                          │                     │"
"│                   │    Shift+S     Start all Aspire                                            │                     │"
"│                   │    Shift+K     Stop all Aspire                                             │                     │"
"│                   │    Shift+R     Rebase all                                                  │                     │"
"│                   │    Shift+G     Push all                                                    │                     │"
"│                   │    Shift+D     Destroy all                                                 │                     │"
"│                   │    Shift+A     Spawn agent on all                                          │                     │"
"│                   │                                                                            │                     │"
"│                   │  Dashboard                                                                 │                     │"
"│                   │    Arrows      Navigate card grid                                          │                     │"
"│                   │    Enter       Jump to slot detail                                         │                     │"
"│                   │                                                                            │                     │"
"│                   │  Multiplex Log                                                             │                     │"
"│                   │    1-6         Toggle slot visibility                                      │                     │"
"│                   └────────────────────────────────────────────────────────────────────────────┘                     │"
"│                                        ││                                                                            │"
"└────────────────────────────────────────┘└────────────────────────────────────────────────────────────────────────────┘"
"                                                                                                                        "
"[N]ew [S]tart [K]ill [D]estroy [A]gent [R]ebase [G]push [P]op-in [L]og [M]ultiplex [Tab]dash [B]lueprints [?]help [Q]uit"
