---
source: crates/ao-tui/tests/test_slot_list.rs
expression: output
---
" AspireOrchestrator (Rust)                                                      "
"┌ Slots ───────────────────┐┌ Details ─────────────────────────────────────────┐"
"│   auth  ■ ○  feature/auth││  Branch     feature/payments                     │"
"│>  payments  ▶ ●  feature/││  Status     Running                              │"
"│   search  ✗ ○  feature/se││  Agent      Active                               │"
"│                          ││                                                  │"
"│                          ││                                                  │"
"│                          ││                                                  │"
"│                          │└──────────────────────────────────────────────────┘"
"│                          │┌ Agent Log [L] toggle ────────────────────────────┐"
"│                          ││ No log output                                    │"
"│                          ││                                                  │"
"│                          ││                                                  │"
"│                          ││                                                  │"
"│                          ││                                                  │"
"│                          ││                                                  │"
"│                          ││                                                  │"
"│                          ││                                                  │"
"│                          ││                                                  │"
"│                          ││                                                  │"
"│                          ││                                                  │"
"└──────────────────────────┘└──────────────────────────────────────────────────┘"
"                                                                                "
"[N]ew [S]tart [K]ill [D]estroy [A]gent [R]ebase [G]push [P]op-in [L]og [?]help ["
