---
source: crates/ao-tui/tests/test_help_dialog.rs
expression: output
---
" AspireOrchestrator (Rust)                                                                                              "
"┌ Slots ─────────────────────────────────┐┌ Details ───────────────────────────────────────────────────────────────────┐"
"│>  auth  ■ ○  feature/auth              ││  Branch     feature/auth                                                   │"
"│                                        ││  Status     Ready                                                          │"
"│                                        ││  Agent      None                                                           │"
"│                                        ││                                                                            │"
"│                       ┌ Help — Keybindings ──────────────────────────────────────────────────┐                       │"
"│                       │  Slot List                                                           │                       │"
"│                       │    N           Create new slot                                       │───────────────────────┘"
"│                       │    S           Start Aspire stack                                    │───────────────────────┐"
"│                       │    K           Kill (stop) Aspire stack                              │                       │"
"│                       │    D           Destroy slot                                          │                       │"
"│                       │    A           Spawn agent                                           │                       │"
"│                       │    R           Rebase branch                                         │                       │"
"│                       │    G           Git push                                              │                       │"
"│                       │    P           Pop-in to tmux session                                │                       │"
"│                       │    L           Toggle log source                                     │                       │"
"│                       │    ?           Show this help                                        │                       │"
"│                       │    Q           Quit orchestrator                                     │                       │"
"│                       │                                                                      │                       │"
"│                       │  Dialogs                                                             │                       │"
"│                       │    Tab         Next field                                            │                       │"
"│                       │    Shift+Tab   Previous field                                        │                       │"
"│                       │    Enter       Submit / confirm                                      │                       │"
"│                       │    Esc         Cancel / close                                        │                       │"
"│                       │    Up/Down     Navigate list                                         │                       │"
"│                       │                                                                      │                       │"
"│                       │                                                                      │                       │"
"│                       │                                                                      │                       │"
"│                       │                                                                      │                       │"
"│                       │                                                                      │                       │"
"│                       │                                                                      │                       │"
"│                       │                                                                      │                       │"
"│                       └──────────────────────────────────────────────────────────────────────┘                       │"
"│                                        ││                                                                            │"
"│                                        ││                                                                            │"
"│                                        ││                                                                            │"
"└────────────────────────────────────────┘└────────────────────────────────────────────────────────────────────────────┘"
"                                                                                                                        "
"[N]ew [S]tart [K]ill [D]estroy [A]gent [R]ebase [G]push [P]op-in [L]og [?]help [Q]uit                                   "
